// Jest Snapshot v1, https://goo.gl/fbAQLP

exports[`<Navigation /> should call useState 1`] = `ReactWrapper {}`;
